{"buyOrders": [], "sellOrders": [{"id": 1, "price": 100, "quantity": 100}]}
{"buyOrders": [], "sellOrders": [{"id": 1, "price": 100, "quantity": 100}, {"id": 2, "price": 100, "quantity": 100}]}
{"buyOrders": [], "sellOrders": [{"id": 1, "price": 100, "quantity": 100}, {"id": 2, "price": 100, "quantity": 100}, {"id": 3, "price": 100, "quantity": 100}]}
{"buyOrderId": 4, "sellOrderId": 1, "price": 100, "quantity": 100}
{"buyOrderId": 4, "sellOrderId": 2, "price": 100, "quantity": 100}
{"buyOrderId": 4, "sellOrderId": 3, "price": 100, "quantity": 100}
{"buyOrderId": 4, "sellOrderId": 1, "price": 100, "quantity": 100}
{"buyOrderId": 4, "sellOrderId": 2, "price": 100, "quantity": 100}
{"buyOrders": [], "sellOrders": [{"id": 3, "price": 100, "quantity": 100}, {"id": 2, "price": 100, "quantity": 100}]}